---
source: tests/json_contract_snapshots.rs
expression: pretty
---
{
  "added": 0,
  "duration_ms": 0,
  "embeddings": {
    "accept_download_requested": false,
    "reason": "binary built without `embeddings` feature",
    "status": "disabled"
  },
  "errors": [],
  "force": false,
  "index_dir": "[index-dir]",
  "messages_indexed": 0,
  "providers": [],
  "removed": 0,
  "sessions_total": 0,
  "unchanged": 0,
  "updated": 0
}
