---
source: tests/snapshots.rs
assertion_line: 102
expression: render_to_text(&terminal)
---
╭ Sessions (5) ────────────────────╮╭ test-project • claude-sonnet-4-20250514 • 0k tok ────────────────────────────────╮
│  Claude Code  Apr 08             ││ You   10:00:00                                                                   │
│    test-project                  ││────────────────────────────────────────                                          │
│     main                        ││ Fix the build error in main.rs                                                   │
│    Fix the build error           ││                                                                                  │
│                                  ││ Assistant   10:00:05                                                             │
│  Copilot CLI  Apr 08             ││────────────────────────────────────────                                          │
│    myapp                         ││ I'll fix the build error.                                                        │
│                                  ││ ▶ Read main.rs ✔                                                                 │
│  Gemini CLI  Apr 08              ││                                                                                  │
│    test-project                  ││ Assistant   10:00:15                                                             │
│    Explain how async/await works ││───╭ Filter ──────────────────────────────╮                                       │
│                                  ││ He│Providers                             │                                       │
│  Codex CLI  Apr 08               ││ ╭─│  ◉ Claude Code                       │                                       │
│    (unknown project)             ││ │ │  ◉ Copilot CLI                       │                                       │
│    Add error handling to the API ││ │ │  ◉ Gemini CLI                        │                                       │
│                                  ││ │ │  ◉ Codex CLI                         │                                       │
│  OpenCode  Apr 08                ││ ╰─│  ◉ OpenCode                          │                                       │
│    dbproject                     ││ Th│  ◉ Cursor                            │                                       │
│    Refactor database layer       ││   │                                      │                                       │
│                                  ││   │Filters                               │                                       │
│                                  ││   │  Project: (any)                      │                                       │
│                                  ││   │  From:    (any)                      │                                       │
│                                  ││   │  To:      (any)                      │                                       │
│                                  ││   │  Role:    (any)                      │                                       │
│                                  ││   │  ◯ Has tool call                     │                                       │
│                                  ││   │  ◯ Starred only                      │                                       │
│                                  ││   ╰──────────────────────────────────────╯                                       │
│                                  ││                                                                                  │
│                                  ││                                                                                  │
│                                  ││                                                                                  │
│                                  ││                                                                                  │
│                                  ││                                                                                  │
│                                  ││                                                                                  │
│                                  ││                                                                                  │
│                                  ││                                                                                  │
│                                  ││                                                                                  │
│                                  ││                                                                                  │
╰──────────────────────────────────╯╰──────────────────────────────────────────────────────────────────────────────────╯
 j/k navigate  •   Space toggle  •   e edit  •   Ctrl+C clear  •   Esc close
