---
source: tests/snapshots.rs
expression: render_to_text(&terminal)
---
╭ Sessions (5) ────────────────────╮╭ test-project • gemini-2.5-pro • 0k tok ──────────────────────────────────────────╮
│  Claude Code  Apr 08             ││Select a session to view the conversation                                         │
│    test-project                  ││                                                                                  │
│     main                        ││                                                                                  │
│    Fix the build error           ││                                                                                  │
│                                  ││                                                                                  │
│  Copilot CLI  Apr 08             ││                                                                                  │
│    myapp                         ││                                                                                  │
│                                  ││                                                                                  │
│  Gemini CLI  Apr 08              ││                                                                                  │
│    test-project                  ││                                                                                  │
│    Explain how async/await works ││                                                                                  │
│                                  ││                                                                                  │
│  Codex CLI  Apr 08               ││                                                                                  │
│    (unknown project)             ││                                                                                  │
│    Add error handling to the API ││                                                                                  │
│                                  ││                                                                                  │
│  OpenCode  Apr 08                ││                                                                                  │
│    dbproject                     ││                                                                                  │
│    Refactor database layer       ││                                                                                  │
│                                  ││                                                                                  │
│                                  ││                                                                                  │
│                                  ││                                                                                  │
│                                  ││                                                                                  │
│                                  ││                                                                                  │
│                                  ││                                                                                  │
│                                  ││                                                                                  │
│                                  ││                                                                                  │
│                                  ││                                                                                  │
│                                  ││                                                                                  │
│                                  ││                                                                                  │
│                                  ││                                                                                  │
│                                  ││                                                                                  │
│                                  ││                                                                                  │
│                                  ││                                                                                  │
│                                  ││                                                                                  │
│                                  ││                                                                                  │
│                                  ││                                                                                  │
╰──────────────────────────────────╯╰──────────────────────────────────────────────────────────────────────────────────╯
 j/k navigate  •   Enter open  •   / search  •   f filter  •   ? help  •   q quit
