---
source: tests/snapshots.rs
expression: render_to_text(&terminal)
---
╭ Sessions (5) ────────────────────╮╭ test-project • claude-sonnet-4-20250514 • 0k tok ────────────────────────────────╮
│  Claude Code  Apr 08             │╭ Help ────────────────────────────────────────╮                                   │
│    test-project                  ││Browse Mode                                   │                                   │
│     main                        ││  j / Down  Next session                      │                                   │
│    Fix the build error           ││  k / Up    Previous session                  │                                   │
│                                  ││  Enter     Open session                      │                                   │
│  Copilot CLI  Apr 08             ││  g         Go to top                         │                                   │
│    myapp                         ││  G         Go to bottom                      │                                   │
│                                  ││  /         Search conversations              │                                   │
│  Gemini CLI  Apr 08              ││  f         Open filter panel                 │                                   │
│    test-project                  ││  Tab       Switch focus                      │                                   │
│    Explain how async/await works ││                                              │                                   │
│                                  ││View Mode                                     │                                   │
│  Codex CLI  Apr 08               ││  j / Down  Scroll down                       │                                   │
│    (unknown project)             ││  k / Up    Scroll up                         │                                   │
│    Add error handling to the API ││  Ctrl+D    Page down                         │                                   │
│                                  ││  Ctrl+U    Page up                           │                                   │
│  OpenCode  Apr 08                ││  g / G     Top / bottom                      │                                   │
│    dbproject                     ││  t         Toggle tool calls                 │                                   │
│    Refactor database layer       ││  e         Export session                    │                                   │
│                                  ││  Esc       Back to list                      │                                   │
│                                  ││                                              │                                   │
│                                  ││Search Mode                                   │                                   │
│                                  ││  Type      Filter sessions                   │                                   │
│                                  ││  Enter     Open selected                     │                                   │
│                                  ││  Esc       Cancel search                     │                                   │
│                                  ││                                              │                                   │
│                                  ││Filter Panel                                  │                                   │
│                                  ││  j / k     Navigate items                    │                                   │
│                                  ││  Space     Toggle provider                   │                                   │
│                                  ││  e         Edit text field                   │                                   │
│                                  ││  Ctrl+C    Clear all filters                 │                                   │
│                                  ││  Esc / f   Close panel                       │                                   │
│                                  ││                                              │                                   │
│                                  ││Global                                        │                                   │
│                                  ││  ?         Toggle this help                  │                                   │
│                                  ││  q         Quit                              │                                   │
│                                  ││  Ctrl+C    Force quit                        │                                   │
╰──────────────────────────────────╯╰──────────────────────────────────────────────╯───────────────────────────────────╯
 Esc close
