---
source: tests/snapshots.rs
expression: render_to_text(&terminal)
---
╭ Sessions (5) ────────────────────╮╭ test-project • claude-sonnet-4-20250514 • 0k tok ────────────────────────────────╮
│  Claude Code  Apr 08             ││Select a session to view the conversation                                         │
│    test-project                  ││                                                                                  │
│     main                        ││                                                                                  │
│    Fix the build error           ││                                                                                  │
│                                  ││                                                                                  │
│  Copilot CLI  Apr 08             ││                                                                                  │
│    myapp                         ││                                                                                  │
│                                  ││                                                                                  │
│  Gemini CLI  Apr 08              ││                                                                                  │
│    test-project                  ││                                                                                  │
│    Explain how async/await works ││                                                                                  │
│                                  ││                                                                                  │
│  Codex CLI  Apr 08               ││   ╭ Filter ──────────────────────────────╮                                       │
│    (unknown project)             ││   │Providers                             │                                       │
│    Add error handling to the API ││   │  ◉ Claude Code                       │                                       │
│                                  ││   │  ◉ Copilot CLI                       │                                       │
│  OpenCode  Apr 08                ││   │  ◉ Gemini CLI                        │                                       │
│    dbproject                     ││   │  ◉ Codex CLI                         │                                       │
│    Refactor database layer       ││   │  ◉ OpenCode                          │                                       │
│                                  ││   │                                      │                                       │
│                                  ││   │Filters                               │                                       │
│                                  ││   │  Project: (any)                      │                                       │
│                                  ││   │  From:    (any)                      │                                       │
│                                  ││   │  To:      (any)                      │                                       │
│                                  ││   ╰──────────────────────────────────────╯                                       │
│                                  ││                                                                                  │
│                                  ││                                                                                  │
│                                  ││                                                                                  │
│                                  ││                                                                                  │
│                                  ││                                                                                  │
│                                  ││                                                                                  │
│                                  ││                                                                                  │
│                                  ││                                                                                  │
│                                  ││                                                                                  │
│                                  ││                                                                                  │
│                                  ││                                                                                  │
│                                  ││                                                                                  │
╰──────────────────────────────────╯╰──────────────────────────────────────────────────────────────────────────────────╯
 j/k navigate  •   Space toggle  •   e edit  •   Ctrl+C clear  •   Esc close
